// Jest Snapshot v1, https://goo.gl/fbAQLP

exports[`KeyPairCache should create 1`] = `
KeyPair {
  "_algorithm": "algorithm",
  "_allowed": true,
  "_created": 2020-01-01T07:00:00.000Z,
  "_events": Array [],
  "_expires": 2020-01-01T07:00:00.000Z,
  "_id": "be3a62d1-24a0-401c-96dd-3aff95356811",
  "_passphrase": "passphrase",
  "_privateKey": "privateKey",
  "_publicKey": "publicKey",
  "_type": "type",
  "_updated": 2020-01-01T07:00:00.000Z,
  "_version": 0,
}
`;

exports[`KeyPairCache should create 2`] = `
Object {
  "KeyPair::keystoreName::be3a62d1-24a0-401c-96dd-3aff95356811": Object {
    "blob": "{\\"json\\":{\\"id\\":\\"be3a62d1-24a0-401c-96dd-3aff95356811\\",\\"version\\":\\"0\\",\\"created\\":\\"2020-01-01T07:00:00.000Z\\",\\"updated\\":\\"2020-01-01T07:00:00.000Z\\",\\"events\\":[],\\"allowed\\":\\"true\\",\\"algorithm\\":\\"algorithm\\",\\"expires\\":\\"2020-01-01T07:00:00.000Z\\",\\"passphrase\\":\\"passphrase\\",\\"privateKey\\":\\"privateKey\\",\\"publicKey\\":\\"publicKey\\",\\"type\\":\\"type\\"},\\"meta\\":{\\"id\\":\\"string\\",\\"version\\":\\"number\\",\\"created\\":\\"date\\",\\"updated\\":\\"date\\",\\"events\\":[],\\"allowed\\":\\"boolean\\",\\"algorithm\\":\\"string\\",\\"expires\\":\\"date\\",\\"passphrase\\":\\"string\\",\\"privateKey\\":\\"string\\",\\"publicKey\\":\\"string\\",\\"type\\":\\"string\\"}}",
    "expiresInSeconds": null,
  },
}
`;

exports[`KeyPairCache should find 1`] = `
KeyPair {
  "_algorithm": "algorithm",
  "_allowed": true,
  "_created": 2020-01-01T07:00:00.000Z,
  "_events": Array [],
  "_expires": 2020-01-01T07:00:00.000Z,
  "_id": "be3a62d1-24a0-401c-96dd-3aff95356811",
  "_passphrase": "passphrase",
  "_privateKey": "privateKey",
  "_publicKey": "publicKey",
  "_type": "type",
  "_updated": 2020-01-01T07:00:00.000Z,
  "_version": 0,
}
`;

exports[`KeyPairCache should find 2`] = `
Object {
  "KeyPair::keystoreName::be3a62d1-24a0-401c-96dd-3aff95356811": Object {
    "blob": "{\\"json\\":{\\"id\\":\\"be3a62d1-24a0-401c-96dd-3aff95356811\\",\\"version\\":\\"0\\",\\"created\\":\\"2020-01-01T07:00:00.000Z\\",\\"updated\\":\\"2020-01-01T07:00:00.000Z\\",\\"events\\":[],\\"allowed\\":\\"true\\",\\"algorithm\\":\\"algorithm\\",\\"expires\\":\\"2020-01-01T07:00:00.000Z\\",\\"passphrase\\":\\"passphrase\\",\\"privateKey\\":\\"privateKey\\",\\"publicKey\\":\\"publicKey\\",\\"type\\":\\"type\\"},\\"meta\\":{\\"id\\":\\"string\\",\\"version\\":\\"number\\",\\"created\\":\\"date\\",\\"updated\\":\\"date\\",\\"events\\":[],\\"allowed\\":\\"boolean\\",\\"algorithm\\":\\"string\\",\\"expires\\":\\"date\\",\\"passphrase\\":\\"string\\",\\"privateKey\\":\\"string\\",\\"publicKey\\":\\"string\\",\\"type\\":\\"string\\"}}",
    "expiresInSeconds": null,
  },
}
`;

exports[`KeyPairCache should find many 1`] = `
Array [
  KeyPair {
    "_algorithm": "algorithm",
    "_allowed": true,
    "_created": 2020-01-01T07:00:00.000Z,
    "_events": Array [],
    "_expires": 2020-01-01T07:00:00.000Z,
    "_id": "be3a62d1-24a0-401c-96dd-3aff95356811",
    "_passphrase": "passphrase",
    "_privateKey": "privateKey",
    "_publicKey": "publicKey",
    "_type": "type",
    "_updated": 2020-01-01T07:00:00.000Z,
    "_version": 0,
  },
  KeyPair {
    "_algorithm": "other",
    "_allowed": true,
    "_created": 2020-01-01T07:00:00.000Z,
    "_events": Array [],
    "_expires": null,
    "_id": "e1ff05d4-12a5-42c0-9c70-43ead4ccaef6",
    "_passphrase": null,
    "_privateKey": "privateKey",
    "_publicKey": "publicKey",
    "_type": "type",
    "_updated": 2020-01-01T07:00:00.000Z,
    "_version": 0,
  },
]
`;

exports[`KeyPairCache should find many 2`] = `
Object {
  "KeyPair::keystoreName::be3a62d1-24a0-401c-96dd-3aff95356811": Object {
    "blob": "{\\"json\\":{\\"id\\":\\"be3a62d1-24a0-401c-96dd-3aff95356811\\",\\"version\\":\\"0\\",\\"created\\":\\"2020-01-01T07:00:00.000Z\\",\\"updated\\":\\"2020-01-01T07:00:00.000Z\\",\\"events\\":[],\\"allowed\\":\\"true\\",\\"algorithm\\":\\"algorithm\\",\\"expires\\":\\"2020-01-01T07:00:00.000Z\\",\\"passphrase\\":\\"passphrase\\",\\"privateKey\\":\\"privateKey\\",\\"publicKey\\":\\"publicKey\\",\\"type\\":\\"type\\"},\\"meta\\":{\\"id\\":\\"string\\",\\"version\\":\\"number\\",\\"created\\":\\"date\\",\\"updated\\":\\"date\\",\\"events\\":[],\\"allowed\\":\\"boolean\\",\\"algorithm\\":\\"string\\",\\"expires\\":\\"date\\",\\"passphrase\\":\\"string\\",\\"privateKey\\":\\"string\\",\\"publicKey\\":\\"string\\",\\"type\\":\\"string\\"}}",
    "expiresInSeconds": null,
  },
  "KeyPair::keystoreName::e1ff05d4-12a5-42c0-9c70-43ead4ccaef6": Object {
    "blob": "{\\"json\\":{\\"id\\":\\"e1ff05d4-12a5-42c0-9c70-43ead4ccaef6\\",\\"version\\":\\"0\\",\\"created\\":\\"2020-01-01T07:00:00.000Z\\",\\"updated\\":\\"2020-01-01T07:00:00.000Z\\",\\"events\\":[],\\"allowed\\":\\"true\\",\\"algorithm\\":\\"other\\",\\"expires\\":\\"null\\",\\"passphrase\\":\\"null\\",\\"privateKey\\":\\"privateKey\\",\\"publicKey\\":\\"publicKey\\",\\"type\\":\\"type\\"},\\"meta\\":{\\"id\\":\\"string\\",\\"version\\":\\"number\\",\\"created\\":\\"date\\",\\"updated\\":\\"date\\",\\"events\\":[],\\"allowed\\":\\"boolean\\",\\"algorithm\\":\\"string\\",\\"expires\\":\\"null\\",\\"passphrase\\":\\"null\\",\\"privateKey\\":\\"string\\",\\"publicKey\\":\\"string\\",\\"type\\":\\"string\\"}}",
    "expiresInSeconds": null,
  },
}
`;

exports[`KeyPairCache should remove 1`] = `
Object {
  "KeyPair::keystoreName::be3a62d1-24a0-401c-96dd-3aff95356811": undefined,
}
`;

exports[`KeyPairCache should update 1`] = `
KeyPair {
  "_algorithm": "algorithm",
  "_allowed": true,
  "_created": 2020-01-01T07:00:00.000Z,
  "_events": Array [],
  "_expires": 2020-01-01T07:00:00.000Z,
  "_id": "be3a62d1-24a0-401c-96dd-3aff95356811",
  "_passphrase": "passphrase",
  "_privateKey": "privateKey",
  "_publicKey": "publicKey",
  "_type": "type",
  "_updated": 2020-01-01T07:00:00.000Z,
  "_version": 0,
}
`;

exports[`KeyPairCache should update 2`] = `
Object {
  "KeyPair::keystoreName::be3a62d1-24a0-401c-96dd-3aff95356811": Object {
    "blob": "{\\"json\\":{\\"id\\":\\"be3a62d1-24a0-401c-96dd-3aff95356811\\",\\"version\\":\\"0\\",\\"created\\":\\"2020-01-01T07:00:00.000Z\\",\\"updated\\":\\"2020-01-01T07:00:00.000Z\\",\\"events\\":[],\\"allowed\\":\\"true\\",\\"algorithm\\":\\"algorithm\\",\\"expires\\":\\"2020-01-01T07:00:00.000Z\\",\\"passphrase\\":\\"passphrase\\",\\"privateKey\\":\\"privateKey\\",\\"publicKey\\":\\"publicKey\\",\\"type\\":\\"type\\"},\\"meta\\":{\\"id\\":\\"string\\",\\"version\\":\\"number\\",\\"created\\":\\"date\\",\\"updated\\":\\"date\\",\\"events\\":[],\\"allowed\\":\\"boolean\\",\\"algorithm\\":\\"string\\",\\"expires\\":\\"date\\",\\"passphrase\\":\\"string\\",\\"privateKey\\":\\"string\\",\\"publicKey\\":\\"string\\",\\"type\\":\\"string\\"}}",
    "expiresInSeconds": null,
  },
}
`;
